[setup] relazioni dichiarate nelle biografie: 486 archi reciproci, nomi risolti 342/344
[setup] elettori che seguono il proprio partito: 57 (fratelli_ditalia_1 20, partito_democratico_2 14, movimento_5_stelle_3 8, forza_italia_106 6, lega_4 5, alleanza_verdi_sinistra_107 4)
[setup] rete costruita SOLO dalle relazioni dichiarate (nessun --avg-degree richiesto)
[setup] rete: 543 archi, grado medio 5.07, mediano 5
[setup] 7 non seguono nessuno, 1 non hanno pubblico, 2 componenti (la maggiore ne contiene 106/107)
[setup] 108 agenti (100 elettori), 543 archi, fonte=agent_id 0
[setup] profondita' di lettura NEL DB: integrale=24 (2 slot), nessuna=34 (0 slot), titolo=49 (1 slot)
[news] 1 notizie senza corpo integrale (0.2%): a quelle gli agenti 'integrale' vedono solo il titolo.
[news] finestra simulata: 2025-10-30 -> 2026-03-22
[news] 609 notizie schedulate su 117 tick (max 30/tick)
  [baseline] 1/100 voti (1.8/min, ~55 min alla fine)
  [baseline] 10/100 voti (7.2/min, ~13 min alla fine)
  [baseline] 20/100 voti (9.0/min, ~9 min alla fine)
  [baseline] 30/100 voti (10.0/min, ~7 min alla fine)
  [baseline] 40/100 voti (10.3/min, ~6 min alla fine)
  [baseline] 50/100 voti (10.7/min, ~5 min alla fine)
  [baseline] 60/100 voti (10.9/min, ~4 min alla fine)
  [baseline] 70/100 voti (10.9/min, ~3 min alla fine)
  [baseline] 80/100 voti (11.0/min, ~2 min alla fine)
  [baseline] 90/100 voti (10.9/min, ~1 min alla fine)
  [baseline] 100/100 voti (11.0/min, ~0 min alla fine)

--- RISULTATI [baseline] ---
  SI           47   47.0%
  NO           19   19.0%
  ASTENUTO     34   34.0%
  ERRORI        0
  validi      100
[feed] politica: hybrid, fuori-rete 15%, 8 post per tick
[engine] 107 agenti, 144 tick, seed=1
[engine] 609 notizie su 117 tick (da 2025-10-30 a 2026-03-22)
    tick 1: 1/20 agenti (2.7/min)
    tick 1: 7/20 agenti (8.8/min)
    tick 1: 12/20 agenti (10.1/min)
    tick 1: 17/20 agenti (10.8/min)
    tick 1: 20/20 agenti (10.1/min)
  tick   1/144 2025-10-30 00h  attivi= 20 news=10  post=8 reply=0 like=6 note=0 err=0  ETA 4.7h
    tick 2: 1/24 agenti (1.2/min)
    tick 2: 4/24 agenti (3.2/min)
    tick 2: 9/24 agenti (5.5/min)
    tick 2: 12/24 agenti (5.8/min)
    tick 2: 15/24 agenti (6.2/min)
    tick 2: 17/24 agenti (6.1/min)
    tick 2: 24/24 agenti (7.3/min)
  tick   2/144 2025-10-31 00h  attivi= 24 news= 7  post=17 reply=5 like=54 note=20 err=0  ETA 11.6h
    tick 3: 1/18 agenti (1.7/min)
    tick 3: 3/18 agenti (3.1/min)
    tick 3: 5/18 agenti (3.5/min)
    tick 3: 9/18 agenti (4.8/min)
    tick 3: 12/18 agenti (5.2/min)
    tick 3: 18/18 agenti (5.9/min)
  tick   3/144 2025-11-01 00h  attivi= 18 news= 1  post=21 reply=9 like=85 note=20 err=0  ETA 10.1h
    tick 4: 1/22 agenti (1.0/min)
    tick 4: 3/22 agenti (2.2/min)
    tick 4: 6/22 agenti (3.3/min)
    tick 4: 9/22 agenti (4.1/min)
    tick 4: 13/22 agenti (4.7/min)
    tick 4: 17/22 agenti (5.4/min)
    tick 4: 21/22 agenti (5.9/min)
  tick   4/144 2025-11-02 00h  attivi= 22 news= 2  post=29 reply=14 like=127 note=34 err=0  ETA 12.7h
    tick 5: 1/11 agenti (1.3/min)
    tick 5: 4/11 agenti (3.2/min)
    tick 5: 10/11 agenti (6.2/min)
  tick   5/144 2025-11-03 00h  attivi= 11 news= 3  post=31 reply=18 like=145 note=34 err=0  ETA 11.0h
    tick 6: 1/16 agenti (1.4/min)
    tick 6: 3/16 agenti (2.7/min)
    tick 6: 7/16 agenti (4.5/min)
    tick 6: 10/16 agenti (5.1/min)
    tick 6: 12/16 agenti (5.1/min)
  tick   6/144 2025-11-04 00h  attivi= 16 news= 3  post=36 reply=20 like=174 note=43 err=0  ETA 11.5h
    tick 7: 1/18 agenti (1.6/min)
    tick 7: 4/18 agenti (3.7/min)
    tick 7: 5/18 agenti (3.4/min)
    tick 7: 8/18 agenti (4.2/min)
    tick 7: 12/18 agenti (5.1/min)
    tick 7: 15/18 agenti (5.6/min)
  tick   7/144 2025-11-05 00h  attivi= 18 news= 4  post=44 reply=24 like=203 note=43 err=0  ETA 10.7h
    tick 8: 1/15 agenti (1.2/min)
    tick 8: 3/15 agenti (2.5/min)
    tick 8: 5/15 agenti (3.2/min)
    tick 8: 8/15 agenti (3.9/min)
    tick 8: 13/15 agenti (5.2/min)
  tick   8/144 2025-11-06 00h  attivi= 15 news= 0  post=51 reply=28 like=227 note=65 err=0  ETA 11.4h
    tick 9: 1/20 agenti (0.8/min)
    tick 9: 5/20 agenti (3.0/min)
    tick 9: 9/20 agenti (4.0/min)
    tick 9: 12/20 agenti (4.2/min)
    tick 9: 15/20 agenti (4.7/min)
    tick 9: 19/20 agenti (5.3/min)
  tick   9/144 2025-11-07 00h  attivi= 20 news= 0  post=61 reply=35 like=257 note=65 err=0  ETA 10.9h
    tick 10: 1/18 agenti (1.0/min)
    tick 10: 5/18 agenti (3.5/min)
    tick 10: 7/18 agenti (3.7/min)
    tick 10: 9/18 agenti (4.0/min)
    tick 10: 12/18 agenti (4.5/min)
    tick 10: 18/18 agenti (6.0/min)
  tick  10/144 2025-11-08 00h  attivi= 18 news= 2  post=70 reply=40 like=291 note=78 err=0  ETA 11.6h
    tick 11: 1/19 agenti (1.2/min)
    tick 11: 3/19 agenti (2.5/min)
    tick 11: 7/19 agenti (3.8/min)
    tick 11: 10/19 agenti (4.1/min)
    tick 11: 16/19 agenti (5.6/min)
    tick 11: 19/19 agenti (5.7/min)
  tick  11/144 2025-11-09 00h  attivi= 19 news= 0  post=78 reply=46 like=325 note=78 err=0  ETA 11.1h
    tick 12: 1/18 agenti (1.5/min)
    tick 12: 3/18 agenti (2.9/min)
    tick 12: 5/18 agenti (3.5/min)
    tick 12: 9/18 agenti (4.7/min)
    tick 12: 13/18 agenti (5.0/min)
  tick  12/144 2025-11-10 00h  attivi= 18 news= 4  post=83 reply=53 like=357 note=90 err=0  ETA 11.5h
    tick 13: 1/22 agenti (1.0/min)
    tick 13: 4/22 agenti (2.9/min)
    tick 13: 6/22 agenti (3.4/min)
    tick 13: 10/22 agenti (4.6/min)
    tick 13: 11/22 agenti (4.3/min)
    tick 13: 13/22 agenti (4.2/min)
    tick 13: 18/22 agenti (5.2/min)
    tick 13: 22/22 agenti (4.9/min)
  tick  13/144 2025-11-11 00h  attivi= 22 news= 0  post=90 reply=56 like=396 note=90 err=0  ETA 11.2h
    tick 14: 1/19 agenti (0.6/min)
    tick 14: 2/19 agenti (0.9/min)
    tick 14: 5/19 agenti (2.0/min)
    tick 14: 7/19 agenti (2.4/min)
    tick 14: 9/19 agenti (2.7/min)
    tick 14: 12/19 agenti (3.1/min)
    tick 14: 18/19 agenti (4.3/min)
    tick 14: 19/19 agenti (4.1/min)
  tick  14/144 2025-11-12 00h  attivi= 19 news= 0  post=94 reply=62 like=430 note=110 err=0  ETA 11.9h
    tick 15: 1/17 agenti (1.3/min)
    tick 15: 2/17 agenti (1.6/min)
    tick 15: 5/17 agenti (3.0/min)
    tick 15: 8/17 agenti (3.5/min)
    tick 15: 10/17 agenti (3.6/min)
    tick 15: 14/17 agenti (4.5/min)
  tick  15/144 2025-11-13 00h  attivi= 17 news= 0  post=105 reply=66 like=458 note=110 err=0  ETA 11.5h
    tick 16: 1/17 agenti (0.8/min)
    tick 16: 5/17 agenti (3.1/min)
    tick 16: 6/17 agenti (3.0/min)
    tick 16: 8/17 agenti (3.1/min)
    tick 16: 11/17 agenti (3.8/min)
    tick 16: 16/17 agenti (4.9/min)
    tick 16: 17/17 agenti (4.6/min)
  tick  16/144 2025-11-14 00h  attivi= 17 news= 5  post=116 reply=70 like=488 note=125 err=0  ETA 11.9h
    tick 17: 1/13 agenti (0.8/min)
    tick 17: 3/13 agenti (1.8/min)
    tick 17: 6/13 agenti (2.9/min)
    tick 17: 11/13 agenti (4.4/min)
  tick  17/144 2025-11-15 00h  attivi= 13 news= 1  post=124 reply=73 like=506 note=125 err=0  ETA 11.4h
    tick 18: 1/20 agenti (1.4/min)
    tick 18: 4/20 agenti (3.2/min)
    tick 18: 8/20 agenti (4.4/min)
    tick 18: 9/20 agenti (4.2/min)
    tick 18: 11/20 agenti (4.4/min)
    tick 18: 13/20 agenti (4.5/min)
    tick 18: 18/20 agenti (5.4/min)
  tick  18/144 2025-11-16 00h  attivi= 20 news= 0  post=133 reply=79 like=542 note=141 err=0  ETA 11.6h
    tick 19: 1/23 agenti (1.1/min)
    tick 19: 3/23 agenti (2.0/min)
    tick 19: 7/23 agenti (3.5/min)
    tick 19: 9/23 agenti (3.7/min)
    tick 19: 12/23 agenti (4.0/min)
    tick 19: 14/23 agenti (4.1/min)
    tick 19: 17/23 agenti (4.4/min)
    tick 19: 21/23 agenti (4.9/min)
  tick  19/144 2025-11-17 00h  attivi= 23 news= 1  post=144 reply=85 like=581 note=141 err=0  ETA 11.4h
    tick 20: 1/20 agenti (1.6/min)
    tick 20: 5/20 agenti (5.0/min)
    tick 20: 7/20 agenti (4.6/min)
    tick 20: 10/20 agenti (5.1/min)
    tick 20: 13/20 agenti (5.5/min)
    tick 20: 17/20 agenti (6.2/min)
    tick 20: 20/20 agenti (6.5/min)
  tick  20/144 2025-11-18 00h  attivi= 20 news= 1  post=151 reply=87 like=617 note=161 err=0  ETA 11.7h
    tick 21: 1/14 agenti (0.9/min)
    tick 21: 3/14 agenti (2.1/min)
    tick 21: 5/14 agenti (2.7/min)
    tick 21: 7/14 agenti (3.0/min)
    tick 21: 12/14 agenti (4.4/min)
  tick  21/144 2025-11-19 00h  attivi= 14 news= 2  post=159 reply=90 like=642 note=161 err=0  ETA 11.4h
    tick 22: 1/15 agenti (1.3/min)
    tick 22: 3/15 agenti (2.2/min)
    tick 22: 6/15 agenti (3.4/min)
    tick 22: 9/15 agenti (4.3/min)
    tick 22: 13/15 agenti (5.3/min)
  tick  22/144 2025-11-20 00h  attivi= 15 news= 0  post=169 reply=92 like=673 note=173 err=0  ETA 11.3h
    tick 23: 1/17 agenti (1.4/min)
    tick 23: 2/17 agenti (1.9/min)
    tick 23: 5/17 agenti (3.1/min)
    tick 23: 8/17 agenti (3.7/min)
    tick 23: 11/17 agenti (4.1/min)
  tick  23/144 2025-11-21 00h  attivi= 17 news= 3  post=176 reply=98 like=705 note=173 err=0  ETA 11.0h
    tick 24: 1/19 agenti (1.1/min)
    tick 24: 2/19 agenti (1.5/min)
    tick 24: 5/19 agenti (2.9/min)
    tick 24: 8/19 agenti (3.6/min)
    tick 24: 11/19 agenti (3.7/min)
    tick 24: 16/19 agenti (4.7/min)
  tick  24/144 2025-11-22 00h  attivi= 19 news= 0  post=186 reply=103 like=737 note=196 err=0  ETA 11.2h
    tick 25: 1/20 agenti (1.3/min)
    tick 25: 3/20 agenti (2.6/min)
    tick 25: 5/20 agenti (3.2/min)
    tick 25: 8/20 agenti (4.1/min)
    tick 25: 11/20 agenti (4.2/min)
    tick 25: 14/20 agenti (4.3/min)
  tick  25/144 2025-11-23 00h  attivi= 20 news= 0  post=196 reply=107 like=774 note=196 err=0  ETA 11.0h
    tick 26: 1/15 agenti (1.1/min)
    tick 26: 4/15 agenti (2.8/min)
    tick 26: 6/15 agenti (3.2/min)
    tick 26: 8/15 agenti (3.6/min)
    tick 26: 14/15 agenti (5.1/min)
  tick  26/144 2025-11-24 00h  attivi= 15 news= 1  post=205 reply=109 like=802 note=208 err=1  ETA 11.0h
    tick 27: 1/26 agenti (1.2/min)
    tick 27: 3/26 agenti (1.9/min)
    tick 27: 5/26 agenti (2.5/min)
    tick 27: 8/26 agenti (3.4/min)
    tick 27: 10/26 agenti (3.5/min)
    tick 27: 11/26 agenti (3.3/min)
    tick 27: 13/26 agenti (3.5/min)
    tick 27: 16/26 agenti (3.8/min)
    tick 27: 20/26 agenti (4.1/min)
    tick 27: 26/26 agenti (4.8/min)
  tick  27/144 2025-11-25 00h  attivi= 26 news= 0  post=225 reply=110 like=852 note=208 err=2  ETA 10.9h
    tick 28: 1/19 agenti (1.6/min)
    tick 28: 4/19 agenti (3.5/min)
    tick 28: 6/19 agenti (3.8/min)
    tick 28: 9/19 agenti (4.5/min)
    tick 28: 11/19 agenti (4.6/min)
    tick 28: 14/19 agenti (5.1/min)
    tick 28: 19/19 agenti (5.8/min)
  tick  28/144 2025-11-26 00h  attivi= 19 news= 3  post=231 reply=116 like=889 note=233 err=2  ETA 11.1h
    tick 29: 1/17 agenti (0.8/min)
    tick 29: 3/17 agenti (1.8/min)
    tick 29: 6/17 agenti (3.0/min)
    tick 29: 8/17 agenti (3.0/min)
    tick 29: 11/17 agenti (3.6/min)
    tick 29: 17/17 agenti (4.8/min)
  tick  29/144 2025-11-27 00h  attivi= 17 news= 0  post=243 reply=118 like=922 note=233 err=2  ETA 10.9h
    tick 30: 1/26 agenti (1.2/min)
    tick 30: 3/26 agenti (2.5/min)
    tick 30: 5/26 agenti (2.9/min)
    tick 30: 8/26 agenti (3.7/min)
    tick 30: 11/26 agenti (4.3/min)
    tick 30: 13/26 agenti (4.5/min)
    tick 30: 17/26 agenti (4.8/min)
    tick 30: 20/26 agenti (5.1/min)
    tick 30: 26/26 agenti (6.0/min)
  [tick_29] 1/100 voti (1.7/min, ~59 min alla fine)
  [tick_29] 10/100 voti (7.2/min, ~13 min alla fine)
  [tick_29] 20/100 voti (9.0/min, ~9 min alla fine)
  [tick_29] 30/100 voti (8.9/min, ~8 min alla fine)
  [tick_29] 40/100 voti (9.3/min, ~6 min alla fine)
  [tick_29] 50/100 voti (9.4/min, ~5 min alla fine)
  [tick_29] 60/100 voti (9.6/min, ~4 min alla fine)
  [tick_29] 70/100 voti (9.3/min, ~3 min alla fine)
  [tick_29] 80/100 voti (9.4/min, ~2 min alla fine)
  [tick_29] 90/100 voti (9.6/min, ~1 min alla fine)
  [tick_29] 100/100 voti (9.8/min, ~0 min alla fine)

--- RISULTATI [tick_29] ---
  SI           28   28.0%
  NO           64   64.0%
  ASTENUTO      8    8.0%
  ERRORI        0
  validi      100
  tick  30/144 2025-11-28 00h  attivi= 26 news= 0  post=252 reply=123 like=977 note=247 err=2  ETA 11.7h
    tick 31: 1/17 agenti (1.2/min)
    tick 31: 4/17 agenti (2.6/min)
    tick 31: 7/17 agenti (3.6/min)
    tick 31: 9/17 agenti (3.9/min)
    tick 31: 13/17 agenti (4.8/min)
    tick 31: 17/17 agenti (5.5/min)
  tick  31/144 2025-11-29 00h  attivi= 17 news= 1  post=258 reply=127 like=1011 note=247 err=2  ETA 11.4h
    tick 32: 1/15 agenti (1.3/min)
    tick 32: 3/15 agenti (2.3/min)
    tick 32: 6/15 agenti (3.3/min)
    tick 32: 12/15 agenti (5.6/min)
    tick 32: 15/15 agenti (5.9/min)
  tick  32/144 2025-11-30 00h  attivi= 15 news= 0  post=266 reply=129 like=1033 note=260 err=2  ETA 11.5h
    tick 33: 1/23 agenti (1.3/min)
    tick 33: 3/23 agenti (2.5/min)
    tick 33: 6/23 agenti (3.3/min)
    tick 33: 8/23 agenti (3.6/min)
    tick 33: 10/23 agenti (3.7/min)
    tick 33: 13/23 agenti (4.2/min)
    tick 33: 16/23 agenti (4.3/min)
    tick 33: 21/23 agenti (5.2/min)
  tick  33/144 2025-12-01 00h  attivi= 23 news= 0  post=275 reply=135 like=1077 note=260 err=2  ETA 11.3h
    tick 34: 1/14 agenti (0.9/min)
    tick 34: 5/14 agenti (3.1/min)
    tick 34: 8/14 agenti (4.0/min)
    tick 34: 12/14 agenti (4.8/min)
  tick  34/144 2025-12-02 00h  attivi= 14 news= 1  post=282 reply=140 like=1105 note=274 err=2  ETA 11.3h
    tick 35: 1/19 agenti (1.2/min)
    tick 35: 3/19 agenti (2.3/min)
    tick 35: 5/19 agenti (3.0/min)
    tick 35: 8/19 agenti (3.9/min)
    tick 35: 10/19 agenti (4.0/min)
    tick 35: 12/19 agenti (4.1/min)
    tick 35: 17/19 agenti (5.2/min)
  tick  35/144 2025-12-03 00h  attivi= 19 news= 0  post=291 reply=145 like=1141 note=274 err=2  ETA 11.0h
    tick 36: 1/14 agenti (1.2/min)
    tick 36: 2/14 agenti (1.7/min)
    tick 36: 3/14 agenti (2.0/min)
    tick 36: 7/14 agenti (3.5/min)
    tick 36: 12/14 agenti (4.7/min)
  tick  36/144 2025-12-04 00h  attivi= 14 news= 2  post=298 reply=148 like=1167 note=286 err=3  ETA 11.0h
    tick 37: 1/16 agenti (1.2/min)
    tick 37: 3/16 agenti (2.0/min)
    tick 37: 6/16 agenti (3.0/min)
    tick 37: 9/16 agenti (3.7/min)
    tick 37: 11/16 agenti (3.7/min)
  tick  37/144 2025-12-05 00h  attivi= 16 news= 1  post=308 reply=151 like=1200 note=286 err=3  ETA 10.7h
    tick 38: 1/21 agenti (0.9/min)
    tick 38: 3/21 agenti (1.9/min)
    tick 38: 6/21 agenti (3.0/min)
    tick 38: 10/21 agenti (4.0/min)
    tick 38: 12/21 agenti (4.1/min)
    tick 38: 15/21 agenti (4.5/min)
    tick 38: 21/21 agenti (5.6/min)
  tick  38/144 2025-12-06 00h  attivi= 21 news= 0  post=318 reply=155 like=1242 note=295 err=4  ETA 10.8h
    tick 39: 1/22 agenti (0.9/min)
    tick 39: 3/22 agenti (2.0/min)
    tick 39: 5/22 agenti (2.5/min)
    tick 39: 7/22 agenti (2.8/min)
    tick 39: 9/22 agenti (3.1/min)
    tick 39: 11/22 agenti (3.3/min)
    tick 39: 13/22 agenti (3.3/min)
    tick 39: 16/22 agenti (3.7/min)
    tick 39: 21/22 agenti (4.5/min)
  tick  39/144 2025-12-07 00h  attivi= 22 news= 0  post=334 reply=157 like=1282 note=295 err=4  ETA 10.6h
    tick 40: 1/14 agenti (1.2/min)
    tick 40: 3/14 agenti (2.6/min)
    tick 40: 6/14 agenti (3.5/min)
    tick 40: 11/14 agenti (5.1/min)
  tick  40/144 2025-12-08 00h  attivi= 14 news= 0  post=343 reply=159 like=1309 note=307 err=4  ETA 10.6h
    tick 41: 1/18 agenti (1.2/min)
    tick 41: 4/18 agenti (2.5/min)
    tick 41: 7/18 agenti (3.6/min)
    tick 41: 9/18 agenti (3.8/min)
    tick 41: 11/18 agenti (4.0/min)
    tick 41: 15/18 agenti (4.8/min)
    tick 41: 18/18 agenti (5.2/min)
  tick  41/144 2025-12-09 00h  attivi= 18 news= 0  post=354 reply=159 like=1347 note=307 err=4  ETA 10.4h
    tick 42: 1/25 agenti (0.8/min)
    tick 42: 3/25 agenti (1.7/min)
    tick 42: 6/25 agenti (2.8/min)
    tick 42: 8/25 agenti (3.1/min)
    tick 42: 10/25 agenti (3.2/min)
    tick 42: 12/25 agenti (3.4/min)
    tick 42: 15/25 agenti (3.8/min)
    tick 42: 18/25 agenti (4.1/min)
    tick 42: 21/25 agenti (4.4/min)
    tick 42: 25/25 agenti (4.7/min)
  tick  42/144 2025-12-10 00h  attivi= 25 news= 1  post=366 reply=167 like=1392 note=318 err=5  ETA 10.5h
    tick 43: 1/17 agenti (1.0/min)
    tick 43: 3/17 agenti (2.3/min)
    tick 43: 6/17 agenti (2.9/min)
    tick 43: 9/17 agenti (3.5/min)
    tick 43: 15/17 agenti (5.1/min)
    tick 43: 16/17 agenti (4.8/min)
  tick  43/144 2025-12-11 00h  attivi= 17 news= 1  post=372 reply=170 like=1429 note=318 err=5  ETA 10.3h
    tick 44: 1/18 agenti (1.1/min)
    tick 44: 2/18 agenti (1.4/min)
    tick 44: 4/18 agenti (2.3/min)
    tick 44: 7/18 agenti (3.0/min)
    tick 44: 9/18 agenti (3.3/min)
    tick 44: 11/18 agenti (3.6/min)
    tick 44: 17/18 agenti (5.0/min)
  tick  44/144 2025-12-12 00h  attivi= 18 news= 3  post=381 reply=176 like=1464 note=323 err=5  ETA 10.2h
    tick 45: 1/20 agenti (0.8/min)
    tick 45: 5/20 agenti (2.7/min)
    tick 45: 7/20 agenti (3.2/min)
    tick 45: 9/20 agenti (3.5/min)
    tick 45: 11/20 agenti (3.7/min)
    tick 45: 13/20 agenti (3.9/min)
    tick 45: 17/20 agenti (4.6/min)
  tick  45/144 2025-12-13 00h  attivi= 20 news= 0  post=394 reply=179 like=1504 note=323 err=5  ETA 10.1h
    tick 46: 1/22 agenti (0.9/min)
    tick 46: 3/22 agenti (2.0/min)
    tick 46: 6/22 agenti (3.1/min)
    tick 46: 8/22 agenti (3.4/min)
    tick 46: 10/22 agenti (3.6/min)
    tick 46: 12/22 agenti (3.9/min)
    tick 46: 15/22 agenti (4.2/min)
    tick 46: 20/22 agenti (4.9/min)
  tick  46/144 2025-12-14 00h  attivi= 22 news= 3  post=404 reply=184 like=1548 note=334 err=5  ETA 10.1h
    tick 47: 1/20 agenti (1.0/min)
    tick 47: 3/20 agenti (2.2/min)
    tick 47: 4/20 agenti (2.2/min)
    tick 47: 8/20 agenti (3.3/min)
    tick 47: 10/20 agenti (3.4/min)
    tick 47: 12/20 agenti (3.6/min)
    tick 47: 15/20 agenti (4.1/min)
    tick 47: 20/20 agenti (4.8/min)
  tick  47/144 2025-12-15 00h  attivi= 20 news= 1  post=416 reply=186 like=1586 note=334 err=6  ETA 9.9h
    tick 48: 1/24 agenti (1.2/min)
    tick 48: 3/24 agenti (2.4/min)
    tick 48: 5/24 agenti (3.1/min)
    tick 48: 7/24 agenti (3.6/min)
    tick 48: 10/24 agenti (4.1/min)
    tick 48: 12/24 agenti (4.0/min)
    tick 48: 15/24 agenti (4.2/min)
    tick 48: 17/24 agenti (4.3/min)
    tick 48: 20/24 agenti (4.7/min)
  tick  48/144 2025-12-16 00h  attivi= 24 news= 3  post=429 reply=189 like=1634 note=342 err=6  ETA 10.0h
    tick 49: 1/17 agenti (1.0/min)
    tick 49: 3/17 agenti (2.1/min)
    tick 49: 5/17 agenti (2.5/min)
    tick 49: 8/17 agenti (3.1/min)
    tick 49: 10/17 agenti (3.4/min)
    tick 49: 15/17 agenti (4.4/min)
  tick  49/144 2025-12-17 00h  attivi= 17 news= 2  post=437 reply=192 like=1664 note=342 err=6  ETA 9.8h
    tick 50: 1/16 agenti (0.7/min)
    tick 50: 3/16 agenti (1.7/min)
    tick 50: 6/16 agenti (2.9/min)
    tick 50: 9/16 agenti (3.4/min)
    tick 50: 14/16 agenti (4.6/min)
  tick  50/144 2025-12-18 00h  attivi= 16 news= 3  post=447 reply=194 like=1697 note=351 err=6  ETA 9.7h
    tick 51: 1/19 agenti (1.1/min)
    tick 51: 4/19 agenti (2.5/min)
    tick 51: 7/19 agenti (3.5/min)
    tick 51: 9/19 agenti (3.5/min)
    tick 51: 11/19 agenti (3.8/min)
    tick 51: 15/19 agenti (4.6/min)
    tick 51: 17/19 agenti (4.6/min)
  tick  51/144 2025-12-19 00h  attivi= 19 news= 2  post=458 reply=197 like=1737 note=351 err=6  ETA 9.5h
    tick 52: 1/19 agenti (1.0/min)
    tick 52: 4/19 agenti (2.5/min)
    tick 52: 7/19 agenti (3.3/min)
    tick 52: 10/19 agenti (3.8/min)
    tick 52: 12/19 agenti (4.0/min)
    tick 52: 17/19 agenti (4.9/min)
  tick  52/144 2025-12-20 00h  attivi= 19 news= 3  post=465 reply=203 like=1776 note=362 err=6  ETA 9.5h
    tick 53: 1/15 agenti (0.8/min)
    tick 53: 3/15 agenti (1.9/min)
    tick 53: 6/15 agenti (3.1/min)
    tick 53: 8/15 agenti (3.3/min)
    tick 53: 10/15 agenti (3.5/min)
  tick  53/144 2025-12-21 00h  attivi= 15 news= 1  post=475 reply=207 like=1804 note=362 err=6  ETA 9.3h
    tick 54: 1/22 agenti (0.7/min)
    tick 54: 3/22 agenti (1.6/min)
    tick 54: 5/22 agenti (2.3/min)
    tick 54: 8/22 agenti (3.0/min)
    tick 54: 9/22 agenti (3.0/min)
    tick 54: 11/22 agenti (3.2/min)
    tick 54: 13/22 agenti (3.4/min)
    tick 54: 15/22 agenti (3.6/min)
    tick 54: 19/22 agenti (4.1/min)
  tick  54/144 2025-12-22 00h  attivi= 22 news= 4  post=488 reply=210 like=1845 note=369 err=7  ETA 9.3h
    tick 55: 1/24 agenti (0.8/min)
    tick 55: 5/24 agenti (2.7/min)
    tick 55: 7/24 agenti (3.2/min)
    tick 55: 9/24 agenti (3.4/min)
    tick 55: 10/24 agenti (3.4/min)
    tick 55: 12/24 agenti (3.5/min)
    tick 55: 16/24 agenti (4.1/min)
    tick 55: 21/24 agenti (4.7/min)
  tick  55/144 2025-12-23 00h  attivi= 24 news= 1  post=501 reply=215 like=1892 note=369 err=7  ETA 9.2h
    tick 56: 1/12 agenti (0.9/min)
    tick 56: 4/12 agenti (2.3/min)
    tick 56: 8/12 agenti (3.6/min)
  tick  56/144 2025-12-24 00h  attivi= 12 news= 1  post=510 reply=215 like=1917 note=375 err=7  ETA 9.1h
    tick 57: 1/16 agenti (1.2/min)
    tick 57: 2/16 agenti (1.4/min)
    tick 57: 5/16 agenti (2.6/min)
    tick 57: 8/16 agenti (3.5/min)
    tick 57: 11/16 agenti (4.2/min)
    tick 57: 14/16 agenti (4.7/min)
  tick  57/144 2025-12-25 00h  attivi= 16 news= 0  post=520 reply=216 like=1949 note=375 err=7  ETA 8.9h
    tick 58: 1/19 agenti (1.2/min)
    tick 58: 3/19 agenti (2.0/min)
    tick 58: 5/19 agenti (2.7/min)
    tick 58: 7/19 agenti (3.1/min)
    tick 58: 9/19 agenti (3.4/min)
    tick 58: 11/19 agenti (3.7/min)
    tick 58: 14/19 agenti (3.8/min)
  tick  58/144 2025-12-26 00h  attivi= 19 news= 0  post=530 reply=221 like=1986 note=384 err=7  ETA 8.9h
    tick 59: 1/14 agenti (1.1/min)
    tick 59: 3/14 agenti (2.2/min)
    tick 59: 5/14 agenti (2.7/min)
    tick 59: 7/14 agenti (3.1/min)
    tick 59: 11/14 agenti (4.1/min)
  tick  59/144 2025-12-27 00h  attivi= 14 news= 0  post=534 reply=227 like=2014 note=384 err=7  ETA 8.7h
    tick 60: 1/19 agenti (1.4/min)
    tick 60: 3/19 agenti (2.5/min)
    tick 60: 5/19 agenti (2.8/min)
    tick 60: 8/19 agenti (3.6/min)
    tick 60: 11/19 agenti (4.2/min)
    tick 60: 13/19 agenti (4.3/min)
    tick 60: 19/19 agenti (5.6/min)
  [tick_59] 1/100 voti (1.6/min, ~62 min alla fine)
  [tick_59] 10/100 voti (6.8/min, ~13 min alla fine)
  [tick_59] 20/100 voti (8.0/min, ~10 min alla fine)
  [tick_59] 30/100 voti (8.2/min, ~9 min alla fine)
  [tick_59] 40/100 voti (8.5/min, ~7 min alla fine)
  [tick_59] 50/100 voti (8.8/min, ~6 min alla fine)
  [tick_59] 60/100 voti (9.0/min, ~4 min alla fine)
  [tick_59] 70/100 voti (9.0/min, ~3 min alla fine)
  [tick_59] 80/100 voti (8.9/min, ~2 min alla fine)
  [tick_59] 90/100 voti (8.9/min, ~1 min alla fine)
  [tick_59] 100/100 voti (9.2/min, ~0 min alla fine)

--- RISULTATI [tick_59] ---
  SI           34   34.0%
  NO           63   63.0%
  ASTENUTO      3    3.0%
  ERRORI        0
  validi      100
  tick  60/144 2025-12-28 00h  attivi= 19 news= 1  post=545 reply=229 like=2052 note=392 err=7  ETA 8.9h
    tick 61: 1/18 agenti (1.4/min)
    tick 61: 2/18 agenti (1.8/min)
    tick 61: 5/18 agenti (3.3/min)
    tick 61: 7/18 agenti (3.6/min)
    tick 61: 9/18 agenti (3.9/min)
    tick 61: 12/18 agenti (4.5/min)
    tick 61: 15/18 agenti (4.8/min)
  tick  61/144 2025-12-29 00h  attivi= 18 news= 1  post=555 reply=229 like=2087 note=392 err=7  ETA 8.7h
    tick 62: 1/12 agenti (1.0/min)
    tick 62: 3/12 agenti (2.2/min)
    tick 62: 5/12 agenti (2.8/min)
    tick 62: 12/12 agenti (5.4/min)
  tick  62/144 2025-12-30 00h  attivi= 12 news= 4  post=561 reply=230 like=2109 note=399 err=8  ETA 8.6h
    tick 63: 1/23 agenti (1.3/min)
    tick 63: 3/23 agenti (2.3/min)
    tick 63: 5/23 agenti (2.8/min)
    tick 63: 7/23 agenti (3.3/min)
    tick 63: 9/23 agenti (3.7/min)
    tick 63: 11/23 agenti (3.8/min)
    tick 63: 13/23 agenti (3.7/min)
    tick 63: 15/23 agenti (3.8/min)
    tick 63: 21/23 agenti (4.9/min)
  tick  63/144 2025-12-31 00h  attivi= 23 news= 2  post=574 reply=234 like=2151 note=399 err=8  ETA 8.5h
    tick 64: 1/14 agenti (1.0/min)
    tick 64: 3/14 agenti (1.9/min)
    tick 64: 5/14 agenti (2.6/min)
    tick 64: 10/14 agenti (4.0/min)
    tick 64: 14/14 agenti (5.0/min)
  tick  64/144 2026-01-01 00h  attivi= 14 news= 1  post=582 reply=236 like=2179 note=406 err=8  ETA 8.4h
    tick 65: 1/20 agenti (0.9/min)
    tick 65: 3/20 agenti (1.8/min)
    tick 65: 5/20 agenti (2.4/min)
    tick 65: 7/20 agenti (2.8/min)
    tick 65: 8/20 agenti (2.8/min)
    tick 65: 10/20 agenti (3.0/min)
    tick 65: 12/20 agenti (3.2/min)
    tick 65: 18/20 agenti (4.3/min)
    tick 65: 20/20 agenti (3.8/min)
  tick  65/144 2026-01-02 00h  attivi= 20 news= 3  post=593 reply=240 like=2215 note=406 err=8  ETA 8.3h
    tick 66: 1/18 agenti (0.9/min)
    tick 66: 3/18 agenti (1.8/min)
    tick 66: 5/18 agenti (2.5/min)
    tick 66: 9/18 agenti (3.8/min)
    tick 66: 11/18 agenti (3.8/min)
    tick 66: 18/18 agenti (5.4/min)
  tick  66/144 2026-01-03 00h  attivi= 18 news= 0  post=604 reply=242 like=2247 note=415 err=8  ETA 8.2h
    tick 67: 1/21 agenti (1.3/min)
    tick 67: 3/21 agenti (2.0/min)
    tick 67: 7/21 agenti (3.2/min)
    tick 67: 9/21 agenti (3.4/min)
    tick 67: 11/21 agenti (3.2/min)
    tick 67: 14/21 agenti (3.5/min)
    tick 67: 19/21 agenti (4.4/min)
  tick  67/144 2026-01-04 00h  attivi= 21 news= 1  post=620 reply=244 like=2284 note=415 err=8  ETA 8.1h
    tick 68: 1/13 agenti (1.0/min)
    tick 68: 3/13 agenti (2.2/min)
    tick 68: 5/13 agenti (2.8/min)
    tick 68: 9/13 agenti (3.9/min)
  tick  68/144 2026-01-05 00h  attivi= 13 news= 2  post=628 reply=247 like=2307 note=423 err=8  ETA 8.0h
    tick 69: 1/20 agenti (1.3/min)
    tick 69: 3/20 agenti (2.2/min)
    tick 69: 6/20 agenti (3.2/min)
    tick 69: 9/20 agenti (3.9/min)
    tick 69: 11/20 agenti (4.2/min)
    tick 69: 13/20 agenti (4.1/min)
    tick 69: 17/20 agenti (4.8/min)
  tick  69/144 2026-01-06 00h  attivi= 20 news= 1  post=639 reply=250 like=2344 note=423 err=8  ETA 7.9h
    tick 70: 1/17 agenti (0.9/min)
    tick 70: 3/17 agenti (2.1/min)
    tick 70: 5/17 agenti (2.6/min)
    tick 70: 7/17 agenti (3.1/min)
    tick 70: 10/17 agenti (3.6/min)
    tick 70: 16/17 agenti (4.9/min)
  tick  70/144 2026-01-07 00h  attivi= 17 news= 2  post=646 reply=254 like=2376 note=430 err=8  ETA 7.8h
    tick 71: 1/18 agenti (1.0/min)
    tick 71: 4/18 agenti (2.4/min)
    tick 71: 6/18 agenti (2.9/min)
    tick 71: 10/18 agenti (3.5/min)
    tick 71: 15/18 agenti (4.6/min)
    tick 71: 18/18 agenti (4.9/min)
  tick  71/144 2026-01-08 00h  attivi= 18 news= 7  post=655 reply=257 like=2412 note=430 err=8  ETA 7.7h
    tick 72: 1/17 agenti (1.2/min)
    tick 72: 2/17 agenti (1.6/min)
    tick 72: 4/17 agenti (2.5/min)
    tick 72: 7/17 agenti (3.6/min)
    tick 72: 10/17 agenti (4.0/min)
    tick 72: 13/17 agenti (4.5/min)
    tick 72: 17/17 agenti (5.1/min)
  tick  72/144 2026-01-09 00h  attivi= 17 news= 5  post=663 reply=262 like=2443 note=435 err=8  ETA 7.6h
    tick 73: 1/14 agenti (0.9/min)
    tick 73: 3/14 agenti (1.8/min)
    tick 73: 6/14 agenti (2.8/min)
    tick 73: 11/14 agenti (4.3/min)
    tick 73: 13/14 agenti (4.5/min)
  tick  73/144 2026-01-10 00h  attivi= 14 news= 6  post=671 reply=264 like=2472 note=435 err=8  ETA 7.4h
    tick 74: 1/17 agenti (0.9/min)
    tick 74: 3/17 agenti (1.8/min)
    tick 74: 6/17 agenti (2.8/min)
    tick 74: 9/17 agenti (3.4/min)
    tick 74: 12/17 agenti (4.0/min)
    tick 74: 16/17 agenti (4.7/min)
  tick  74/144 2026-01-11 00h  attivi= 17 news= 2  post=683 reply=265 like=2507 note=440 err=8  ETA 7.3h
    tick 75: 1/22 agenti (0.9/min)
    tick 75: 3/22 agenti (1.9/min)
    tick 75: 5/22 agenti (2.5/min)
    tick 75: 8/22 agenti (3.4/min)
    tick 75: 10/22 agenti (3.6/min)
    tick 75: 13/22 agenti (4.1/min)
    tick 75: 15/22 agenti (4.2/min)
    tick 75: 21/22 agenti (5.1/min)
  tick  75/144 2026-01-12 00h  attivi= 22 news= 5  post=693 reply=266 like=2549 note=440 err=8  ETA 7.2h
    tick 76: 1/16 agenti (1.1/min)
    tick 76: 4/16 agenti (2.7/min)
    tick 76: 6/16 agenti (3.2/min)
    tick 76: 8/16 agenti (3.6/min)
    tick 76: 10/16 agenti (3.6/min)
  tick  76/144 2026-01-13 00h  attivi= 16 news= 5  post=702 reply=269 like=2583 note=449 err=8  ETA 7.1h
    tick 77: 1/13 agenti (1.2/min)
    tick 77: 3/13 agenti (2.4/min)
    tick 77: 5/13 agenti (3.0/min)
    tick 77: 10/13 agenti (4.7/min)
    tick 77: 13/13 agenti (5.1/min)
  tick  77/144 2026-01-14 00h  attivi= 13 news= 4  post=709 reply=269 like=2609 note=449 err=9  ETA 7.0h
    tick 78: 1/16 agenti (1.2/min)
    tick 78: 4/16 agenti (3.0/min)
    tick 78: 6/16 agenti (3.2/min)
    tick 78: 8/16 agenti (3.4/min)
    tick 78: 14/16 agenti (5.2/min)
    tick 78: 16/16 agenti (4.6/min)
  tick  78/144 2026-01-15 00h  attivi= 16 news= 5  post=715 reply=272 like=2640 note=453 err=9  ETA 6.9h
    tick 79: 1/20 agenti (0.9/min)
    tick 79: 3/20 agenti (1.8/min)
    tick 79: 6/20 agenti (2.8/min)
    tick 79: 8/20 agenti (3.1/min)
    tick 79: 10/20 agenti (3.4/min)
    tick 79: 12/20 agenti (3.6/min)
    tick 79: 13/20 agenti (3.5/min)
    tick 79: 20/20 agenti (5.0/min)
  tick  79/144 2026-01-16 00h  attivi= 20 news= 3  post=724 reply=276 like=2681 note=453 err=9  ETA 6.7h
    tick 80: 1/16 agenti (1.1/min)
    tick 80: 5/16 agenti (3.5/min)
    tick 80: 7/16 agenti (3.5/min)
    tick 80: 9/16 agenti (3.7/min)
    tick 80: 15/16 agenti (5.1/min)
  tick  80/144 2026-01-17 00h  attivi= 16 news= 1  post=733 reply=277 like=2709 note=459 err=10  ETA 6.7h
    tick 81: 1/17 agenti (0.8/min)
    tick 81: 3/17 agenti (2.0/min)
    tick 81: 6/17 agenti (2.8/min)
    tick 81: 9/17 agenti (3.5/min)
    tick 81: 12/17 agenti (4.1/min)
    tick 81: 15/17 agenti (4.5/min)
  tick  81/144 2026-01-18 00h  attivi= 17 news= 1  post=741 reply=277 like=2745 note=459 err=10  ETA 6.5h
    tick 82: 1/26 agenti (1.3/min)
    tick 82: 3/26 agenti (2.3/min)
    tick 82: 6/26 agenti (3.0/min)
    tick 82: 9/26 agenti (3.7/min)
    tick 82: 12/26 agenti (4.1/min)
    tick 82: 16/26 agenti (4.3/min)
    tick 82: 18/26 agenti (4.4/min)
    tick 82: 23/26 agenti (5.1/min)
    tick 82: 25/26 agenti (5.1/min)
  tick  82/144 2026-01-19 00h  attivi= 26 news= 2  post=756 reply=277 like=2796 note=465 err=10  ETA 6.5h
    tick 83: 1/16 agenti (1.0/min)
    tick 83: 4/16 agenti (2.2/min)
    tick 83: 7/16 agenti (3.2/min)
    tick 83: 10/16 agenti (3.9/min)
    tick 83: 13/16 agenti (4.4/min)
    tick 83: 16/16 agenti (4.9/min)
  tick  83/144 2026-01-20 00h  attivi= 16 news= 2  post=765 reply=279 like=2829 note=465 err=10  ETA 6.3h
    tick 84: 1/17 agenti (0.8/min)
    tick 84: 3/17 agenti (1.8/min)
    tick 84: 6/17 agenti (2.9/min)
    tick 84: 8/17 agenti (3.2/min)
    tick 84: 10/17 agenti (3.3/min)
  tick  84/144 2026-01-21 00h  attivi= 17 news= 7  post=775 reply=285 like=2859 note=475 err=10  ETA 6.3h
    tick 85: 1/22 agenti (1.1/min)
    tick 85: 5/22 agenti (2.8/min)
    tick 85: 7/22 agenti (3.2/min)
    tick 85: 9/22 agenti (3.4/min)
    tick 85: 11/22 agenti (3.7/min)
    tick 85: 14/22 agenti (4.0/min)
    tick 85: 15/22 agenti (3.8/min)
    tick 85: 18/22 agenti (4.2/min)
  tick  85/144 2026-01-22 00h  attivi= 22 news= 4  post=786 reply=290 like=2905 note=475 err=10  ETA 6.1h
    tick 86: 1/12 agenti (0.8/min)
    tick 86: 3/12 agenti (1.7/min)
    tick 86: 5/12 agenti (2.3/min)
    tick 86: 11/12 agenti (4.2/min)
  tick  86/144 2026-01-23 00h  attivi= 12 news= 5  post=793 reply=292 like=2929 note=483 err=10  ETA 6.1h
    tick 87: 1/17 agenti (1.2/min)
    tick 87: 3/17 agenti (1.8/min)
    tick 87: 6/17 agenti (3.0/min)
    tick 87: 8/17 agenti (3.2/min)
    tick 87: 10/17 agenti (3.4/min)
    tick 87: 14/17 agenti (4.2/min)
  tick  87/144 2026-01-24 00h  attivi= 17 news= 5  post=802 reply=295 like=2959 note=483 err=10  ETA 5.9h
    tick 88: 1/18 agenti (1.0/min)
    tick 88: 3/18 agenti (1.9/min)
    tick 88: 5/18 agenti (2.6/min)
    tick 88: 8/18 agenti (3.2/min)
    tick 88: 12/18 agenti (4.0/min)
    tick 88: 15/18 agenti (4.4/min)
  tick  88/144 2026-01-25 00h  attivi= 18 news= 0  post=810 reply=297 like=2990 note=494 err=10  ETA 5.9h
    tick 89: 1/15 agenti (1.3/min)
    tick 89: 3/15 agenti (2.5/min)
    tick 89: 5/15 agenti (3.1/min)
    tick 89: 6/15 agenti (3.1/min)
    tick 89: 9/15 agenti (3.9/min)
    tick 89: 13/15 agenti (4.9/min)
  tick  89/144 2026-01-26 00h  attivi= 15 news= 3  post=816 reply=299 like=3021 note=494 err=10  ETA 5.7h
    tick 90: 1/14 agenti (0.9/min)
    tick 90: 3/14 agenti (1.7/min)
    tick 90: 6/14 agenti (2.8/min)
    tick 90: 12/14 agenti (4.7/min)
    tick 90: 13/14 agenti (4.5/min)
  [tick_89] 1/100 voti (1.5/min, ~67 min alla fine)
  [tick_89] 10/100 voti (7.0/min, ~13 min alla fine)
  [tick_89] 20/100 voti (7.6/min, ~11 min alla fine)
  [tick_89] 30/100 voti (7.6/min, ~9 min alla fine)
  [tick_89] 40/100 voti (8.0/min, ~7 min alla fine)
  [tick_89] 50/100 voti (8.1/min, ~6 min alla fine)
  [tick_89] 60/100 voti (8.3/min, ~5 min alla fine)
  [tick_89] 70/100 voti (8.2/min, ~4 min alla fine)
  [tick_89] 80/100 voti (8.5/min, ~2 min alla fine)
  [tick_89] 90/100 voti (8.5/min, ~1 min alla fine)
  [tick_89] 100/100 voti (8.6/min, ~0 min alla fine)

--- RISULTATI [tick_89] ---
  SI           34   34.0%
  NO           63   63.0%
  ASTENUTO      3    3.0%
  ERRORI        0
  validi      100
  tick  90/144 2026-01-27 00h  attivi= 14 news= 4  post=823 reply=300 like=3050 note=500 err=10  ETA 5.7h
    tick 91: 1/17 agenti (1.3/min)
    tick 91: 3/17 agenti (2.7/min)
    tick 91: 5/17 agenti (3.1/min)
    tick 91: 7/17 agenti (3.4/min)
    tick 91: 10/17 agenti (3.7/min)
    tick 91: 14/17 agenti (4.5/min)
  tick  91/144 2026-01-28 00h  attivi= 17 news= 4  post=834 reply=301 like=3082 note=500 err=10  ETA 5.6h
    tick 92: 1/17 agenti (1.0/min)
    tick 92: 5/17 agenti (3.5/min)
    tick 92: 8/17 agenti (4.1/min)
    tick 92: 10/17 agenti (4.2/min)
    tick 92: 16/17 agenti (5.9/min)
  tick  92/144 2026-01-29 00h  attivi= 17 news= 3  post=837 reply=303 like=3118 note=505 err=10  ETA 5.5h
    tick 93: 1/21 agenti (1.0/min)
    tick 93: 3/21 agenti (1.9/min)
    tick 93: 7/21 agenti (3.5/min)
    tick 93: 8/21 agenti (3.4/min)
    tick 93: 9/21 agenti (3.1/min)
    tick 93: 10/21 agenti (3.1/min)
    tick 93: 12/21 agenti (3.2/min)
    tick 93: 15/21 agenti (3.6/min)
    tick 93: 18/21 agenti (4.0/min)
    tick 93: 21/21 agenti (4.1/min)
  tick  93/144 2026-01-30 00h  attivi= 21 news= 3  post=853 reply=304 like=3158 note=505 err=10  ETA 5.4h
    tick 94: 1/12 agenti (1.1/min)
    tick 94: 2/12 agenti (1.3/min)
    tick 94: 5/12 agenti (2.5/min)
    tick 94: 10/12 agenti (3.9/min)
  tick  94/144 2026-01-31 00h  attivi= 12 news=19  post=863 reply=305 like=3179 note=513 err=11  ETA 5.3h
    tick 95: 1/17 agenti (1.0/min)
    tick 95: 2/17 agenti (1.3/min)
    tick 95: 5/17 agenti (2.4/min)
    tick 95: 7/17 agenti (2.8/min)
    tick 95: 10/17 agenti (3.2/min)
    tick 95: 16/17 agenti (4.6/min)
  tick  95/144 2026-02-01 00h  attivi= 17 news= 1  post=873 reply=310 like=3207 note=513 err=11  ETA 5.2h
    tick 96: 1/20 agenti (0.9/min)
    tick 96: 3/20 agenti (1.7/min)
    tick 96: 7/20 agenti (3.0/min)
    tick 96: 9/20 agenti (3.3/min)
    tick 96: 12/20 agenti (3.7/min)
    tick 96: 15/20 agenti (4.2/min)
    tick 96: 19/20 agenti (4.8/min)
  tick  96/144 2026-02-02 00h  attivi= 20 news= 1  post=885 reply=312 like=3250 note=524 err=11  ETA 5.1h
    tick 97: 1/17 agenti (1.2/min)
    tick 97: 3/17 agenti (2.4/min)
    tick 97: 4/17 agenti (2.3/min)
    tick 97: 6/17 agenti (2.8/min)
    tick 97: 9/17 agenti (3.5/min)
    tick 97: 13/17 agenti (4.2/min)
    tick 97: 17/17 agenti (4.9/min)
  tick  97/144 2026-02-03 00h  attivi= 17 news= 1  post=892 reply=316 like=3281 note=524 err=11  ETA 5.0h
    tick 98: 1/10 agenti (1.1/min)
    tick 98: 3/10 agenti (2.1/min)
    tick 98: 10/10 agenti (2.0/min)
  tick  98/144 2026-02-04 00h  attivi= 10 news= 6  post=899 reply=317 like=3301 note=535 err=11  ETA 4.9h
    tick 99: 1/19 agenti (0.6/min)
    tick 99: 2/19 agenti (1.1/min)
    tick 99: 4/19 agenti (1.6/min)
    tick 99: 7/19 agenti (2.3/min)
    tick 99: 8/19 agenti (2.2/min)
    tick 99: 11/19 agenti (2.5/min)
    tick 99: 15/19 agenti (3.1/min)
    tick 99: 19/19 agenti (3.6/min)
  tick  99/144 2026-02-05 00h  attivi= 19 news= 2  post=914 reply=319 like=3336 note=535 err=12  ETA 4.8h
    tick 100: 1/28 agenti (0.7/min)
    tick 100: 3/28 agenti (1.3/min)
    tick 100: 7/28 agenti (2.5/min)
    tick 100: 9/28 agenti (2.8/min)
    tick 100: 11/28 agenti (2.6/min)
    tick 100: 14/28 agenti (3.0/min)
    tick 100: 16/28 agenti (3.2/min)
    tick 100: 18/28 agenti (3.3/min)
    tick 100: 21/28 agenti (3.6/min)
    tick 100: 25/28 agenti (4.0/min)
    tick 100: 27/28 agenti (3.9/min)
  tick 100/144 2026-02-06 00h  attivi= 28 news= 5  post=930 reply=323 like=3387 note=544 err=12  ETA 4.7h
    tick 101: 1/21 agenti (1.0/min)
    tick 101: 3/21 agenti (2.1/min)
    tick 101: 4/21 agenti (2.2/min)
    tick 101: 6/21 agenti (2.7/min)
    tick 101: 9/21 agenti (3.4/min)
    tick 101: 11/21 agenti (3.6/min)
    tick 101: 12/21 agenti (3.4/min)
    tick 101: 14/21 agenti (3.5/min)
    tick 101: 20/21 agenti (4.6/min)
  tick 101/144 2026-02-07 00h  attivi= 21 news= 9  post=942 reply=327 like=3427 note=544 err=12  ETA 4.6h
    tick 102: 1/14 agenti (1.2/min)
    tick 102: 2/14 agenti (0.3/min)
    tick 102: 9/14 agenti (1.4/min)
    tick 102: 14/14 agenti (2.1/min)

ENDPOINT NON RAGGIUNGIBILE
25 chiamate consecutive fallite (ConnectTimeout: ). Interrompo invece di proseguire: un run di sole chiamate fallite ha comunque l'aria di essere valido.
Diagnostica: python scripts/check_endpoint.py
Ripresa:     stesso comando piu' --resume

Tick completati e salvati: 101. Nulla e' andato perso.
