[setup] relazioni dichiarate nelle biografie: 486 archi reciproci, nomi risolti 342/344
[setup] elettori che seguono il proprio partito: 57 (fratelli_ditalia_1 20, partito_democratico_2 14, movimento_5_stelle_3 8, forza_italia_106 6, lega_4 5, alleanza_verdi_sinistra_107 4)
[setup] rete costruita SOLO dalle relazioni dichiarate (nessun --avg-degree richiesto)
[setup] rete: 543 archi, grado medio 5.07, mediano 5
[setup] 7 non seguono nessuno, 1 non hanno pubblico, 2 componenti (la maggiore ne contiene 106/107)
[setup] 108 agenti (100 elettori), 543 archi, fonte=agent_id 0
[setup] profondita' di lettura NEL DB: integrale=24 (2 slot), nessuna=34 (0 slot), titolo=49 (1 slot)
[news] 1 notizie senza corpo integrale (0.2%): a quelle gli agenti 'integrale' vedono solo il titolo.
[news] finestra simulata: 2025-10-30 -> 2026-03-22
[news] 609 notizie schedulate su 117 tick (max 30/tick)
  [baseline] 1/100 voti (45.5/min, ~2 min alla fine)
  [baseline] 10/100 voti (34.5/min, ~3 min alla fine)
  [baseline] 20/100 voti (33.5/min, ~2 min alla fine)
  [baseline] 30/100 voti (33.2/min, ~2 min alla fine)
  [baseline] 40/100 voti (33.3/min, ~2 min alla fine)
  [baseline] 50/100 voti (33.0/min, ~2 min alla fine)
  [baseline] 60/100 voti (33.3/min, ~1 min alla fine)
  [baseline] 70/100 voti (33.2/min, ~1 min alla fine)
  [baseline] 80/100 voti (33.2/min, ~1 min alla fine)
  [baseline] 90/100 voti (33.2/min, ~0 min alla fine)
  [baseline] 100/100 voti (33.2/min, ~0 min alla fine)

--- RISULTATI [baseline] ---
  SI           45   45.5%
  NO           19   19.2%
  ASTENUTO     35   35.4%
  ERRORI        1
  validi       99
[feed] politica: hybrid, fuori-rete 15%, 8 post per tick
[engine] 107 agenti, 144 tick, seed=1
[engine] 609 notizie su 117 tick (da 2025-10-30 a 2026-03-22)
    tick 1: 12/20 agenti (34.0/min)
  tick   1/144 2025-10-30 00h  attivi= 20 news=10  post=9 reply=2 like=5 note=0 err=0  ETA 1.4h
    tick 2: 12/24 agenti (32.8/min)
    tick 2: 24/24 agenti (33.4/min)
  tick   2/144 2025-10-31 00h  attivi= 24 news= 7  post=10 reply=11 like=26 note=8 err=0  ETA 2.9h
    tick 3: 11/18 agenti (33.0/min)
  tick   3/144 2025-11-01 00h  attivi= 18 news= 1  post=11 reply=19 like=41 note=8 err=0  ETA 2.3h
    tick 4: 12/22 agenti (33.5/min)
  tick   4/144 2025-11-02 00h  attivi= 22 news= 2  post=12 reply=29 like=61 note=17 err=0  ETA 2.8h
  tick   5/144 2025-11-03 00h  attivi= 11 news= 3  post=14 reply=32 like=69 note=17 err=0  ETA 2.3h
    tick 6: 11/16 agenti (31.9/min)
  tick   6/144 2025-11-04 00h  attivi= 16 news= 3  post=19 reply=35 like=85 note=21 err=0  ETA 2.4h
    tick 7: 12/18 agenti (34.8/min)
  tick   7/144 2025-11-05 00h  attivi= 18 news= 4  post=20 reply=42 like=96 note=21 err=0  ETA 2.3h
    tick 8: 11/15 agenti (32.6/min)
  tick   8/144 2025-11-06 00h  attivi= 15 news= 0  post=20 reply=49 like=111 note=30 err=0  ETA 2.4h
    tick 9: 11/20 agenti (33.0/min)
  tick   9/144 2025-11-07 00h  attivi= 20 news= 0  post=21 reply=59 like=128 note=30 err=0  ETA 2.2h
    tick 10: 11/18 agenti (32.5/min)
  tick  10/144 2025-11-08 00h  attivi= 18 news= 2  post=23 reply=68 like=147 note=37 err=0  ETA 2.3h
    tick 11: 12/19 agenti (32.6/min)
  tick  11/144 2025-11-09 00h  attivi= 19 news= 0  post=25 reply=73 like=163 note=37 err=1  ETA 2.2h
    tick 12: 12/18 agenti (30.4/min)
  tick  12/144 2025-11-10 00h  attivi= 18 news= 4  post=28 reply=80 like=182 note=43 err=1  ETA 2.3h
    tick 13: 12/22 agenti (33.8/min)
  tick  13/144 2025-11-11 00h  attivi= 22 news= 0  post=34 reply=87 like=214 note=43 err=1  ETA 2.2h
    tick 14: 11/19 agenti (32.7/min)
  tick  14/144 2025-11-12 00h  attivi= 19 news= 0  post=36 reply=95 like=239 note=50 err=1  ETA 2.3h
    tick 15: 12/17 agenti (33.8/min)
  tick  15/144 2025-11-13 00h  attivi= 17 news= 0  post=37 reply=102 like=258 note=50 err=1  ETA 2.2h
    tick 16: 11/17 agenti (32.2/min)
  tick  16/144 2025-11-14 00h  attivi= 17 news= 5  post=38 reply=111 like=280 note=54 err=1  ETA 2.3h
    tick 17: 12/13 agenti (35.1/min)
  tick  17/144 2025-11-15 00h  attivi= 13 news= 1  post=41 reply=114 like=286 note=54 err=1  ETA 2.2h
    tick 18: 12/20 agenti (31.9/min)
  tick  18/144 2025-11-16 00h  attivi= 20 news= 0  post=41 reply=118 like=296 note=62 err=1  ETA 2.2h
    tick 19: 12/23 agenti (32.7/min)
  tick  19/144 2025-11-17 00h  attivi= 23 news= 1  post=42 reply=129 like=317 note=62 err=1  ETA 2.1h
    tick 20: 12/20 agenti (33.1/min)
  tick  20/144 2025-11-18 00h  attivi= 20 news= 1  post=46 reply=135 like=343 note=72 err=1  ETA 2.2h
    tick 21: 12/14 agenti (33.0/min)
  tick  21/144 2025-11-19 00h  attivi= 14 news= 2  post=52 reply=137 like=358 note=72 err=1  ETA 2.1h
    tick 22: 12/15 agenti (33.5/min)
  tick  22/144 2025-11-20 00h  attivi= 15 news= 0  post=55 reply=141 like=379 note=78 err=1  ETA 2.1h
    tick 23: 12/17 agenti (33.6/min)
  tick  23/144 2025-11-21 00h  attivi= 17 news= 3  post=57 reply=149 like=395 note=78 err=1  ETA 2.1h
    tick 24: 11/19 agenti (33.0/min)
  tick  24/144 2025-11-22 00h  attivi= 19 news= 0  post=60 reply=159 like=413 note=83 err=1  ETA 2.1h
    tick 25: 12/20 agenti (33.3/min)
  tick  25/144 2025-11-23 00h  attivi= 20 news= 0  post=62 reply=167 like=440 note=83 err=1  ETA 2.0h
    tick 26: 11/15 agenti (32.4/min)
  tick  26/144 2025-11-24 00h  attivi= 15 news= 1  post=67 reply=171 like=462 note=85 err=1  ETA 2.0h
    tick 27: 11/26 agenti (32.1/min)
    tick 27: 23/26 agenti (32.8/min)
  tick  27/144 2025-11-25 00h  attivi= 26 news= 0  post=75 reply=181 like=498 note=85 err=1  ETA 2.0h
    tick 28: 12/19 agenti (34.6/min)
  tick  28/144 2025-11-26 00h  attivi= 19 news= 3  post=79 reply=187 like=519 note=91 err=1  ETA 2.1h
    tick 29: 12/17 agenti (33.4/min)
  tick  29/144 2025-11-27 00h  attivi= 17 news= 0  post=80 reply=193 like=539 note=91 err=1  ETA 2.0h
    tick 30: 12/26 agenti (33.2/min)
    tick 30: 24/26 agenti (33.5/min)
  [tick_29] 1/100 voti (29.0/min, ~3 min alla fine)
  [tick_29] 10/100 voti (33.1/min, ~3 min alla fine)
  [tick_29] 20/100 voti (32.1/min, ~2 min alla fine)
  [tick_29] 30/100 voti (33.1/min, ~2 min alla fine)
  [tick_29] 40/100 voti (33.0/min, ~2 min alla fine)
  [tick_29] 50/100 voti (32.8/min, ~2 min alla fine)
  [tick_29] 60/100 voti (33.1/min, ~1 min alla fine)
  [tick_29] 70/100 voti (32.9/min, ~1 min alla fine)
  [tick_29] 80/100 voti (33.0/min, ~1 min alla fine)
  [tick_29] 90/100 voti (33.0/min, ~0 min alla fine)
  [tick_29] 100/100 voti (33.1/min, ~0 min alla fine)

--- RISULTATI [tick_29] ---
  SI           33   33.0%
  NO           49   49.0%
  ASTENUTO     18   18.0%
  ERRORI        0
  validi      100
  tick  30/144 2025-11-28 00h  attivi= 26 news= 0  post=87 reply=204 like=578 note=94 err=1  ETA 2.2h
    tick 31: 12/17 agenti (33.9/min)
  tick  31/144 2025-11-29 00h  attivi= 17 news= 1  post=92 reply=208 like=604 note=94 err=1  ETA 2.2h
    tick 32: 12/15 agenti (33.9/min)
  tick  32/144 2025-11-30 00h  attivi= 15 news= 0  post=94 reply=214 like=617 note=95 err=1  ETA 2.2h
    tick 33: 12/23 agenti (33.2/min)
    tick 33: 23/23 agenti (33.1/min)
  tick  33/144 2025-12-01 00h  attivi= 23 news= 0  post=97 reply=223 like=644 note=95 err=1  ETA 2.1h
    tick 34: 12/14 agenti (33.5/min)
  tick  34/144 2025-12-02 00h  attivi= 14 news= 1  post=98 reply=228 like=661 note=97 err=1  ETA 2.1h
    tick 35: 11/19 agenti (32.1/min)
  tick  35/144 2025-12-03 00h  attivi= 19 news= 0  post=101 reply=236 like=685 note=97 err=1  ETA 2.1h
    tick 36: 12/14 agenti (34.1/min)
  tick  36/144 2025-12-04 00h  attivi= 14 news= 2  post=103 reply=244 like=701 note=100 err=1  ETA 2.1h
    tick 37: 11/16 agenti (32.7/min)
  tick  37/144 2025-12-05 00h  attivi= 16 news= 1  post=105 reply=250 like=724 note=100 err=1  ETA 2.0h
    tick 38: 11/21 agenti (31.6/min)
  tick  38/144 2025-12-06 00h  attivi= 21 news= 0  post=110 reply=254 like=755 note=105 err=1  ETA 2.0h
    tick 39: 11/22 agenti (32.8/min)
  tick  39/144 2025-12-07 00h  attivi= 22 news= 0  post=113 reply=262 like=786 note=105 err=1  ETA 2.0h
    tick 40: 11/14 agenti (31.8/min)
