formulazione da testi_originali.json, opzioni sostituite: N1, N2, N3, N4, N5, N6, N7, NX, S1, S2, S3, S4, S5, SX
  S1  Sostegno alla separazione delle carriere tra magistrati inquirenti e giudicanti.
  S2  Favore alla divisione del Consiglio Superiore della Magistratura (CSM).
  S3  Sostegno all'istituzione di un'Alta Corte disciplinare.
  S4  Volontà generale di modificare la Costituzione in questa direzione.
  S5  Sostegno politico all'attuale Governo.
  SX  Favore all'abolizione di un grado di giudizio.
  N1  Volontà di non modificare la Costituzione.
  N2  Contrarietà al meccanismo del sorteggio per i componenti del CSM.
  N3  Voto di opposizione politica all'esecutivo in carica.
  N4  Volontà di contrastare la divisione del CSM.
  N5  Contrarietà all'istituzione dell'Alta Corte disciplinare.
  N6  Coerenza o indicazione di voto del proprio partito di riferimento.
  N7  Contrarietà specifica alla separazione delle carriere.
  NX  Contrarietà all'abolizione di un grado di giudizio.

96 agenti con voto SI o NO alla rilevazione 'final'
(esclusi 4 astenuti: la rilevazione reale non riporta le loro ragioni)

========================================================================
 Ha votato SI: 9 agenti (0 risposte non interpretabili)
========================================================================
  cod    simulata   reale   scarto  motivazione
  S1          33%     59%      -26  Sostegno alla separazione delle carriere tra
  S2          33%     35%       -2  Favore alla divisione del Consiglio Superior
  S3          22%     34%      -12  Sostegno all'istituzione di un'Alta Corte di
  S4           0%     24%      -24  Volontà generale di modificare la Costituzio
  S5          11%     18%       -7  Sostegno politico all'attuale Governo.
  SX          11%fittizia        —  Favore all'abolizione di un grado di giudizi

  nessuna opzione scelta: 33% degli agenti
  OPZIONE FITTIZIA SX: scelta dal 11% degli agenti.
  Quota non trascurabile: lo strumento a risposta chiusa sta
  in parte fabbricando le risposte, e le altre quote vanno
  lette con la stessa cautela.

========================================================================
 Ha votato NO: 87 agenti (0 risposte non interpretabili)
========================================================================
  cod    simulata   reale   scarto  motivazione
  N1          16%     61%      -45  Volontà di non modificare la Costituzione.
  N2          67%     39%      +28  Contrarietà al meccanismo del sorteggio per 
  N3           3%     31%      -28  Voto di opposizione politica all'esecutivo i
  N4          40%     27%      +13  Volontà di contrastare la divisione del CSM.
  N5          41%     17%      +24  Contrarietà all'istituzione dell'Alta Corte 
  N6           2%      7%       -5  Coerenza o indicazione di voto del proprio p
  N7          82%      4%      +78  Contrarietà specifica alla separazione delle
  NX          18%fittizia        —  Contrarietà all'abolizione di un grado di gi

  nessuna opzione scelta: 0% degli agenti
  OPZIONE FITTIZIA NX: scelta dal 18% degli agenti.
  Quota non trascurabile: lo strumento a risposta chiusa sta
  in parte fabbricando le risposte, e le altre quote vanno
  lette con la stessa cautela.

Confronta questa tabella con quella della domanda aperta. Una ragione
assente nel testo libero e frequente qui non e' un'opinione della
popolazione: e' un'opinione che l'elenco le ha suggerito.
