formulazione da testi_originali.json, opzioni sostituite: N1, N2, N3, N4, N5, N6, N7, NX, S1, S2, S3, S4, S5, SX
  S1  Sostegno alla separazione delle carriere tra magistrati inquirenti e giudicanti.
  S2  Favore alla divisione del Consiglio Superiore della Magistratura (CSM).
  S3  Sostegno all'istituzione di un'Alta Corte disciplinare.
  S4  Volontà generale di modificare la Costituzione in questa direzione.
  S5  Sostegno politico all'attuale Governo.
  SX  Favore all'abolizione di un grado di giudizio.
  N1  Volontà di non modificare la Costituzione.
  N2  Contrarietà al meccanismo del sorteggio per i componenti del CSM.
  N3  Voto di opposizione politica all'esecutivo in carica.
  N4  Volontà di contrastare la divisione del CSM.
  N5  Contrarietà all'istituzione dell'Alta Corte disciplinare.
  N6  Coerenza o indicazione di voto del proprio partito di riferimento.
  N7  Contrarietà specifica alla separazione delle carriere.
  NX  Contrarietà all'abolizione di un grado di giudizio.

82 agenti con voto SI o NO alla rilevazione 'final'
(esclusi 18 astenuti: la rilevazione reale non riporta le loro ragioni)

========================================================================
 Ha votato SI: 3 agenti (0 risposte non interpretabili)
========================================================================
  cod    simulata   reale   scarto  motivazione
  S1         100%     59%      +41  Sostegno alla separazione delle carriere tra
  S2          67%     35%      +32  Favore alla divisione del Consiglio Superior
  S3         100%     34%      +66  Sostegno all'istituzione di un'Alta Corte di
  S4           0%     24%      -24  Volontà generale di modificare la Costituzio
  S5          33%     18%      +15  Sostegno politico all'attuale Governo.
  SX           0%fittizia        —  Favore all'abolizione di un grado di giudizi

  nessuna opzione scelta: 0% degli agenti
  OPZIONE FITTIZIA SX: scelta dal 0% degli agenti.
  Quota bassa: gli agenti non accolgono indiscriminatamente
  le opzioni proposte, e il resto della tabella e' leggibile.

========================================================================
 Ha votato NO: 79 agenti (0 risposte non interpretabili)
========================================================================
  cod    simulata   reale   scarto  motivazione
  N1           4%     61%      -57  Volontà di non modificare la Costituzione.
  N2          42%     39%       +3  Contrarietà al meccanismo del sorteggio per 
  N3           4%     31%      -27  Voto di opposizione politica all'esecutivo i
  N4          35%     27%       +8  Volontà di contrastare la divisione del CSM.
  N5          25%     17%       +8  Contrarietà all'istituzione dell'Alta Corte 
  N6           4%      7%       -3  Coerenza o indicazione di voto del proprio p
  N7          89%      4%      +85  Contrarietà specifica alla separazione delle
  NX           9%fittizia        —  Contrarietà all'abolizione di un grado di gi

  nessuna opzione scelta: 0% degli agenti
  OPZIONE FITTIZIA NX: scelta dal 9% degli agenti.
  Quota bassa: gli agenti non accolgono indiscriminatamente
  le opzioni proposte, e il resto della tabella e' leggibile.

Confronta questa tabella con quella della domanda aperta. Una ragione
assente nel testo libero e frequente qui non e' un'opinione della
popolazione: e' un'opinione che l'elenco le ha suggerito.
