93 agenti con voto SI o NO alla rilevazione 'final'
(esclusi 7 astenuti: la rilevazione reale non riporta le loro ragioni)

========================================================================
 Ha votato SI: 29 agenti (0 risposte non interpretabili)
========================================================================
  cod    simulata   reale   scarto  motivazione
  S1          86%     59%      +27  sono favorevole alla separazione delle carri
  S2          52%     35%      +17  sono favorevole alla divisione del CSM in du
  S3          69%     34%      +35  sono favorevole all'istituzione dell'Alta Co
  S4          79%     24%      +55  ritengo giusto modificare la Costituzione in
  S5           3%     18%      -15  sostengo il Governo in carica
  SX           3%fittizia        —  sono favorevole all'abolizione di un grado d

  nessuna opzione scelta: 0% degli agenti
  OPZIONE FITTIZIA SX: scelta dal 3% degli agenti.
  Quota bassa: gli agenti non accolgono indiscriminatamente
  le opzioni proposte, e il resto della tabella e' leggibile.

========================================================================
 Ha votato NO: 64 agenti (0 risposte non interpretabili)
========================================================================
  cod    simulata   reale   scarto  motivazione
  N1          25%     61%      -36  non ritengo giusto modificare la Costituzion
  N2          70%     39%      +31  sono contrario al sorteggio dei componenti d
  N3           0%     31%      -31  sono all'opposizione del Governo in carica
  N4          61%     27%      +34  sono contrario alla divisione del CSM in due
  N5          22%     17%       +5  sono contrario all'istituzione dell'Alta Cor
  N6           3%      7%       -4  seguo l'indicazione di voto del mio partito
  N7          28%      4%      +24  sono contrario alla separazione delle carrie
  NX          17%fittizia        —  sono contrario all'abolizione di un grado di

  nessuna opzione scelta: 0% degli agenti
  OPZIONE FITTIZIA NX: scelta dal 17% degli agenti.
  Quota non trascurabile: lo strumento a risposta chiusa sta
  in parte fabbricando le risposte, e le altre quote vanno
  lette con la stessa cautela.

Confronta questa tabella con quella della domanda aperta. Una ragione
assente nel testo libero e frequente qui non e' un'opinione della
popolazione: e' un'opinione che l'elenco le ha suggerito.
