86 agenti con voto SI o NO alla rilevazione 'final'
(esclusi 14 astenuti: la rilevazione reale non riporta le loro ragioni)

========================================================================
 Ha votato SI: 26 agenti (0 risposte non interpretabili)
========================================================================
  cod    simulata   reale   scarto  motivazione
  S1          85%     59%      +26  sono favorevole alla separazione delle carri
  S2          35%     35%       -0  sono favorevole alla divisione del CSM in du
  S3          42%     34%       +8  sono favorevole all'istituzione dell'Alta Co
  S4          69%     24%      +45  ritengo giusto modificare la Costituzione in
  S5           8%     18%      -10  sostengo il Governo in carica
  SX           0%fittizia        —  sono favorevole all'abolizione di un grado d

  nessuna opzione scelta: 4% degli agenti
  OPZIONE FITTIZIA SX: scelta dal 0% degli agenti.
  Quota bassa: gli agenti non accolgono indiscriminatamente
  le opzioni proposte, e il resto della tabella e' leggibile.

========================================================================
 Ha votato NO: 60 agenti (0 risposte non interpretabili)
========================================================================
  cod    simulata   reale   scarto  motivazione
  N1          48%     61%      -13  non ritengo giusto modificare la Costituzion
  N2          37%     39%       -2  sono contrario al sorteggio dei componenti d
  N3           3%     31%      -28  sono all'opposizione del Governo in carica
  N4          75%     27%      +48  sono contrario alla divisione del CSM in due
  N5          40%     17%      +23  sono contrario all'istituzione dell'Alta Cor
  N6           3%      7%       -4  seguo l'indicazione di voto del mio partito
  N7          32%      4%      +28  sono contrario alla separazione delle carrie
  NX          37%fittizia        —  sono contrario all'abolizione di un grado di

  nessuna opzione scelta: 0% degli agenti
  OPZIONE FITTIZIA NX: scelta dal 37% degli agenti.
  Quota non trascurabile: lo strumento a risposta chiusa sta
  in parte fabbricando le risposte, e le altre quote vanno
  lette con la stessa cautela.

Confronta questa tabella con quella della domanda aperta. Una ragione
assente nel testo libero e frequente qui non e' un'opinione della
popolazione: e' un'opinione che l'elenco le ha suggerito.
