93 agenti con voto SI o NO alla rilevazione 'final'
(esclusi 7 astenuti: la rilevazione reale non riporta le loro ragioni)

========================================================================
 Ha votato SI: 14 agenti (0 risposte non interpretabili)
========================================================================
  cod    simulata   reale   scarto  motivazione
  S1          86%     59%      +27  sono favorevole alla separazione delle carri
  S2          43%     35%       +8  sono favorevole alla divisione del CSM in du
  S3          50%     34%      +16  sono favorevole all'istituzione dell'Alta Co
  S4          93%     24%      +69  ritengo giusto modificare la Costituzione in
  S5           0%     18%      -18  sostengo il Governo in carica
  SX           0%fittizia        —  sono favorevole all'abolizione di un grado d

  nessuna opzione scelta: 0% degli agenti
  OPZIONE FITTIZIA SX: scelta dal 0% degli agenti.
  Quota bassa: gli agenti non accolgono indiscriminatamente
  le opzioni proposte, e il resto della tabella e' leggibile.

========================================================================
 Ha votato NO: 79 agenti (0 risposte non interpretabili)
========================================================================
  cod    simulata   reale   scarto  motivazione
  N1          49%     61%      -12  non ritengo giusto modificare la Costituzion
  N2          35%     39%       -4  sono contrario al sorteggio dei componenti d
  N3           1%     31%      -30  sono all'opposizione del Governo in carica
  N4          76%     27%      +49  sono contrario alla divisione del CSM in due
  N5          38%     17%      +21  sono contrario all'istituzione dell'Alta Cor
  N6           1%      7%       -6  seguo l'indicazione di voto del mio partito
  N7          35%      4%      +31  sono contrario alla separazione delle carrie
  NX          29%fittizia        —  sono contrario all'abolizione di un grado di

  nessuna opzione scelta: 0% degli agenti
  OPZIONE FITTIZIA NX: scelta dal 29% degli agenti.
  Quota non trascurabile: lo strumento a risposta chiusa sta
  in parte fabbricando le risposte, e le altre quote vanno
  lette con la stessa cautela.

Confronta questa tabella con quella della domanda aperta. Una ragione
assente nel testo libero e frequente qui non e' un'opinione della
popolazione: e' un'opinione che l'elenco le ha suggerito.
