82 agenti con voto SI o NO alla rilevazione 'final'
(esclusi 18 astenuti: la rilevazione reale non riporta le loro ragioni)

========================================================================
 Ha votato SI: 3 agenti (0 risposte non interpretabili)
========================================================================
  cod    simulata   reale   scarto  motivazione
  S1         100%     59%      +41  sono favorevole alla separazione delle carri
  S2         100%     35%      +65  sono favorevole alla divisione del CSM in du
  S3         100%     34%      +66  sono favorevole all'istituzione dell'Alta Co
  S4         100%     24%      +76  ritengo giusto modificare la Costituzione in
  S5           0%     18%      -18  sostengo il Governo in carica
  SX           0%fittizia        —  sono favorevole all'abolizione di un grado d

  nessuna opzione scelta: 0% degli agenti
  OPZIONE FITTIZIA SX: scelta dal 0% degli agenti.
  Quota bassa: gli agenti non accolgono indiscriminatamente
  le opzioni proposte, e il resto della tabella e' leggibile.

========================================================================
 Ha votato NO: 79 agenti (0 risposte non interpretabili)
========================================================================
  cod    simulata   reale   scarto  motivazione
  N1          25%     61%      -36  non ritengo giusto modificare la Costituzion
  N2          15%     39%      -24  sono contrario al sorteggio dei componenti d
  N3           1%     31%      -30  sono all'opposizione del Governo in carica
  N4          52%     27%      +25  sono contrario alla divisione del CSM in due
  N5          20%     17%       +3  sono contrario all'istituzione dell'Alta Cor
  N6           1%      7%       -6  seguo l'indicazione di voto del mio partito
  N7          65%      4%      +61  sono contrario alla separazione delle carrie
  NX          22%fittizia        —  sono contrario all'abolizione di un grado di

  nessuna opzione scelta: 0% degli agenti
  OPZIONE FITTIZIA NX: scelta dal 22% degli agenti.
  Quota non trascurabile: lo strumento a risposta chiusa sta
  in parte fabbricando le risposte, e le altre quote vanno
  lette con la stessa cautela.

Confronta questa tabella con quella della domanda aperta. Una ragione
assente nel testo libero e frequente qui non e' un'opinione della
popolazione: e' un'opinione che l'elenco le ha suggerito.
