73 agenti con voto SI o NO alla rilevazione 'final'
(esclusi 27 astenuti: la rilevazione reale non riporta le loro ragioni)

========================================================================
 Ha votato SI: 11 agenti (0 risposte non interpretabili)
========================================================================
  cod    simulata   reale   scarto  motivazione
  S1          73%     59%      +14  sono favorevole alla separazione delle carri
  S2          36%     35%       +1  sono favorevole alla divisione del CSM in du
  S3          45%     34%      +11  sono favorevole all'istituzione dell'Alta Co
  S4          91%     24%      +67  ritengo giusto modificare la Costituzione in
  S5           0%     18%      -18  sostengo il Governo in carica
  SX           0%fittizia        —  sono favorevole all'abolizione di un grado d

  nessuna opzione scelta: 9% degli agenti
  OPZIONE FITTIZIA SX: scelta dal 0% degli agenti.
  Quota bassa: gli agenti non accolgono indiscriminatamente
  le opzioni proposte, e il resto della tabella e' leggibile.

========================================================================
 Ha votato NO: 62 agenti (0 risposte non interpretabili)
========================================================================
  cod    simulata   reale   scarto  motivazione
  N1          31%     61%      -30  non ritengo giusto modificare la Costituzion
  N2          19%     39%      -20  sono contrario al sorteggio dei componenti d
  N3           0%     31%      -31  sono all'opposizione del Governo in carica
  N4          68%     27%      +41  sono contrario alla divisione del CSM in due
  N5          23%     17%       +6  sono contrario all'istituzione dell'Alta Cor
  N6          10%      7%       +3  seguo l'indicazione di voto del mio partito
  N7          68%      4%      +64  sono contrario alla separazione delle carrie
  NX          11%fittizia        —  sono contrario all'abolizione di un grado di

  nessuna opzione scelta: 0% degli agenti
  OPZIONE FITTIZIA NX: scelta dal 11% degli agenti.
  Quota non trascurabile: lo strumento a risposta chiusa sta
  in parte fabbricando le risposte, e le altre quote vanno
  lette con la stessa cautela.

Confronta questa tabella con quella della domanda aperta. Una ragione
assente nel testo libero e frequente qui non e' un'opinione della
popolazione: e' un'opinione che l'elenco le ha suggerito.
