75 agenti con voto SI o NO alla rilevazione 'final'
(esclusi 25 astenuti: la rilevazione reale non riporta le loro ragioni)

========================================================================
 Ha votato SI: 9 agenti (0 risposte non interpretabili)
========================================================================
  cod    simulata   reale   scarto  motivazione
  S1         100%     59%      +41  sono favorevole alla separazione delle carri
  S2          67%     35%      +32  sono favorevole alla divisione del CSM in du
  S3          67%     34%      +33  sono favorevole all'istituzione dell'Alta Co
  S4          78%     24%      +54  ritengo giusto modificare la Costituzione in
  S5           0%     18%      -18  sostengo il Governo in carica
  SX           0%fittizia        —  sono favorevole all'abolizione di un grado d

  nessuna opzione scelta: 0% degli agenti
  OPZIONE FITTIZIA SX: scelta dal 0% degli agenti.
  Quota bassa: gli agenti non accolgono indiscriminatamente
  le opzioni proposte, e il resto della tabella e' leggibile.

========================================================================
 Ha votato NO: 66 agenti (0 risposte non interpretabili)
========================================================================
  cod    simulata   reale   scarto  motivazione
  N1          38%     61%      -23  non ritengo giusto modificare la Costituzion
  N2          14%     39%      -25  sono contrario al sorteggio dei componenti d
  N3           3%     31%      -28  sono all'opposizione del Governo in carica
  N4          76%     27%      +49  sono contrario alla divisione del CSM in due
  N5          24%     17%       +7  sono contrario all'istituzione dell'Alta Cor
  N6           2%      7%       -5  seguo l'indicazione di voto del mio partito
  N7          44%      4%      +40  sono contrario alla separazione delle carrie
  NX          35%fittizia        —  sono contrario all'abolizione di un grado di

  nessuna opzione scelta: 2% degli agenti
  OPZIONE FITTIZIA NX: scelta dal 35% degli agenti.
  Quota non trascurabile: lo strumento a risposta chiusa sta
  in parte fabbricando le risposte, e le altre quote vanno
  lette con la stessa cautela.

Confronta questa tabella con quella della domanda aperta. Una ragione
assente nel testo libero e frequente qui non e' un'opinione della
popolazione: e' un'opinione che l'elenco le ha suggerito.
